// Jest Snapshot v1, https://goo.gl/fbAQLP

exports[`renders correctly 1`] = `
<div
  className="StyledBox-sc-13pk1d4-0 iLrjLl"
  onClick={[Function]}
>
  <div
    className="StyledBox-sc-13pk1d4-0 dtolEv"
  >
    <span
      className="StyledText-sc-1sadyjn-0 jOAXsc"
    >
      Cena
    </span>
  </div>
  <div
    className="StyledBox-sc-13pk1d4-0 bqDjXT"
  >
    <span
      className="StyledText-sc-1sadyjn-0 isVaoK"
      size="small"
    >
      -$
      150.00
    </span>
    <span
      className="StyledText-sc-1sadyjn-0 gNZQxf"
      size="small"
    >
      06:38
    </span>
  </div>
</div>
`;
