// Jest Snapshot v1, https://goo.gl/fbAQLP

exports[`renders correctly 1`] = `
<div
  className="StyledBox-sc-13pk1d4-0 bmEWzQ"
>
  <div
    className="StyledBox-sc-13pk1d4-0 diNbmr"
  >
    <span
      className="StyledText-sc-1sadyjn-0 dvuZpX"
      size="large"
    >
      Detalles
    </span>
  </div>
  <div
    className="StyledBox-sc-13pk1d4-0 hMaZmZ"
    style={
      Object {
        "fontFamily": "Courier New, monospace",
      }
    }
  >
    <div
      className="StyledBox-sc-13pk1d4-0 lfluzk"
    >
      <span
        className="StyledText-sc-1sadyjn-0 bnqisW"
      >
        source
      </span>
    </div>
    <div
      className="StyledBox-sc-13pk1d4-0 fWrrBh"
    >
      <span
        className="StyledText-sc-1sadyjn-0 fWSbXS"
      >
        "CASH_WITHDRAWAL_EMAIL"
      </span>
    </div>
  </div>
  <div
    className="StyledBox-sc-13pk1d4-0 hMaZmZ"
    style={
      Object {
        "fontFamily": "Courier New, monospace",
      }
    }
  >
    <div
      className="StyledBox-sc-13pk1d4-0 lfluzk"
    >
      <span
        className="StyledText-sc-1sadyjn-0 bnqisW"
      >
        type
      </span>
    </div>
    <div
      className="StyledBox-sc-13pk1d4-0 fWrrBh"
    >
      <span
        className="StyledText-sc-1sadyjn-0 fWSbXS"
      >
        "EXPENSE"
      </span>
    </div>
  </div>
  <div
    className="StyledBox-sc-13pk1d4-0 hMaZmZ"
    style={
      Object {
        "fontFamily": "Courier New, monospace",
      }
    }
  >
    <div
      className="StyledBox-sc-13pk1d4-0 lfluzk"
    >
      <span
        className="StyledText-sc-1sadyjn-0 bnqisW"
      >
        note
      </span>
    </div>
    <div
      className="StyledBox-sc-13pk1d4-0 fWrrBh"
    >
      <span
        className="StyledText-sc-1sadyjn-0 fWSbXS"
      >
        "RETIRO DE EFECTIVO"
      </span>
    </div>
  </div>
  <div
    className="StyledBox-sc-13pk1d4-0 hMaZmZ"
    style={
      Object {
        "fontFamily": "Courier New, monospace",
      }
    }
  >
    <div
      className="StyledBox-sc-13pk1d4-0 lfluzk"
    >
      <span
        className="StyledText-sc-1sadyjn-0 bnqisW"
      >
        amount
      </span>
    </div>
    <div
      className="StyledBox-sc-13pk1d4-0 fWrrBh"
    >
      <span
        className="StyledText-sc-1sadyjn-0 fWSbXS"
      >
        "2000.00"
      </span>
    </div>
  </div>
  <div
    className="StyledBox-sc-13pk1d4-0 hMaZmZ"
    style={
      Object {
        "fontFamily": "Courier New, monospace",
      }
    }
  >
    <div
      className="StyledBox-sc-13pk1d4-0 lfluzk"
    >
      <span
        className="StyledText-sc-1sadyjn-0 bnqisW"
      >
        operation_date
      </span>
    </div>
    <div
      className="StyledBox-sc-13pk1d4-0 fWrrBh"
    >
      <span
        className="StyledText-sc-1sadyjn-0 fWSbXS"
      >
        "17/Feb/2021 12:38:51 HORAS"
      </span>
    </div>
  </div>
  <div
    className="StyledBox-sc-13pk1d4-0 hMaZmZ"
    style={
      Object {
        "fontFamily": "Courier New, monospace",
      }
    }
  >
    <div
      className="StyledBox-sc-13pk1d4-0 lfluzk"
    >
      <span
        className="StyledText-sc-1sadyjn-0 bnqisW"
      >
        application_date
      </span>
    </div>
    <div
      className="StyledBox-sc-13pk1d4-0 fWrrBh"
    >
      <span
        className="StyledText-sc-1sadyjn-0 fWSbXS"
      >
        "17/Feb/2021"
      </span>
    </div>
  </div>
  <div
    className="StyledBox-sc-13pk1d4-0 hMaZmZ"
    style={
      Object {
        "fontFamily": "Courier New, monospace",
      }
    }
  >
    <div
      className="StyledBox-sc-13pk1d4-0 lfluzk"
    >
      <span
        className="StyledText-sc-1sadyjn-0 bnqisW"
      >
        receiver
      </span>
    </div>
    <div
      className="StyledBox-sc-13pk1d4-0 fWrrBh"
    >
      <span
        className="StyledText-sc-1sadyjn-0 fWSbXS"
      >
        null
      </span>
    </div>
  </div>
  <div
    className="StyledBox-sc-13pk1d4-0 hMaZmZ"
    style={
      Object {
        "fontFamily": "Courier New, monospace",
      }
    }
  >
    <div
      className="StyledBox-sc-13pk1d4-0 lfluzk"
    >
      <span
        className="StyledText-sc-1sadyjn-0 bnqisW"
      >
        channel
      </span>
    </div>
    <div
      className="StyledBox-sc-13pk1d4-0 fWrrBh"
    >
      <span
        className="StyledText-sc-1sadyjn-0 fWSbXS"
      >
        {"type":"Cajero Banorte","details":{"name":"ROMA SUR 4","location":"CDMX"}}
      </span>
    </div>
  </div>
  <div
    className="StyledBox-sc-13pk1d4-0 hMaZmZ"
    style={
      Object {
        "fontFamily": "Courier New, monospace",
      }
    }
  >
    <div
      className="StyledBox-sc-13pk1d4-0 lfluzk"
    >
      <span
        className="StyledText-sc-1sadyjn-0 bnqisW"
      >
        extra_amounts
      </span>
    </div>
    <div
      className="StyledBox-sc-13pk1d4-0 fWrrBh"
    >
      <span
        className="StyledText-sc-1sadyjn-0 fWSbXS"
      >
        []
      </span>
    </div>
  </div>
</div>
`;
